// Vitest Snapshot v1, https://vitest.dev/guide/snapshot.html

exports[`the below-100-ptpts fixture > selects the same statements as last time 1`] = `
{
  "consensus": {
    "agree": [
      {
        "nSuccess": 15,
        "nTrials": 16,
        "pSuccess": 0.8888888888888888,
        "pTest": 3.6380343755449944,
        "statementId": 26,
      },
      {
        "nSuccess": 13,
        "nTrials": 14,
        "pSuccess": 0.875,
        "pTest": 3.356585566713095,
        "statementId": 28,
      },
      {
        "nSuccess": 5,
        "nTrials": 6,
        "pSuccess": 0.75,
        "pTest": 1.8898223650461359,
        "statementId": 32,
      },
      {
        "nSuccess": 7,
        "nTrials": 9,
        "pSuccess": 0.7272727272727273,
        "pTest": 1.897366596101028,
        "statementId": 30,
      },
      {
        "nSuccess": 11,
        "nTrials": 16,
        "pSuccess": 0.6666666666666666,
        "pTest": 1.6977493752543311,
        "statementId": 18,
      },
    ],
    "disagree": [
      {
        "nSuccess": 11,
        "nTrials": 14,
        "pSuccess": 0.75,
        "pTest": 2.3237900077244507,
        "statementId": 0,
      },
    ],
  },
  "repness": [
    [
      {
        "bestAgree": true,
        "nSuccess": 6,
        "nTrials": 6,
        "pSuccess": 0.875,
        "pTest": 2.6457513110645907,
        "repfulFor": "agree",
        "repness": 2.625,
        "repnessTest": 2.699862255439545,
        "statementId": 13,
      },
      {
        "nSuccess": 6,
        "nTrials": 6,
        "pSuccess": 0.875,
        "pTest": 2.6457513110645907,
        "repfulFor": "agree",
        "repness": 2.1,
        "repnessTest": 2.393172105652397,
        "statementId": 4,
      },
      {
        "nSuccess": 4,
        "nTrials": 5,
        "pSuccess": 0.7142857142857143,
        "pTest": 1.632993161855452,
        "repfulFor": "agree",
        "repness": 3.9285714285714284,
        "repnessTest": 2.4722801848029503,
        "statementId": 2,
      },
      {
        "nSuccess": 7,
        "nTrials": 8,
        "pSuccess": 0.8,
        "pTest": 2.333333333333333,
        "repfulFor": "agree",
        "repness": 2.4000000000000004,
        "repnessTest": 2.3854214911071145,
        "statementId": 19,
      },
      {
        "nSuccess": 5,
        "nTrials": 5,
        "pSuccess": 0.8571428571428571,
        "pTest": 2.449489742783178,
        "repfulFor": "agree",
        "repness": 2.057142857142857,
        "repnessTest": 2.2489667048823603,
        "statementId": 24,
      },
    ],
    [
      {
        "bestAgree": true,
        "nSuccess": 3,
        "nTrials": 3,
        "pSuccess": 0.8,
        "pTest": 2,
        "repfulFor": "agree",
        "repness": 2.4000000000000004,
        "repnessTest": 2.267786838055363,
        "statementId": 17,
      },
      {
        "nSuccess": 3,
        "nTrials": 3,
        "pSuccess": 0.8,
        "pTest": 2,
        "repfulFor": "agree",
        "repness": 2,
        "repnessTest": 2.02837021134844,
        "statementId": 20,
      },
      {
        "nSuccess": 3,
        "nTrials": 3,
        "pSuccess": 0.8,
        "pTest": 2,
        "repfulFor": "agree",
        "repness": 1.7142857142857144,
        "repnessTest": 1.8090680674665818,
        "statementId": 13,
      },
      {
        "nSuccess": 2,
        "nTrials": 2,
        "pSuccess": 0.75,
        "pTest": 1.7320508075688772,
        "repfulFor": "agree",
        "repness": 1.7999999999999998,
        "repnessTest": 1.6922282244532985,
        "statementId": 27,
      },
      {
        "nSuccess": 3,
        "nTrials": 3,
        "pSuccess": 0.8,
        "pTest": 2,
        "repfulFor": "disagree",
        "repness": 1.7142857142857144,
        "repnessTest": 1.8090680674665818,
        "statementId": 22,
      },
    ],
    [
      {
        "bestAgree": true,
        "nSuccess": 3,
        "nTrials": 3,
        "pSuccess": 0.8,
        "pTest": 2,
        "repfulFor": "agree",
        "repness": 1.6,
        "repnessTest": 1.2472191289246473,
        "statementId": 32,
      },
    ],
  ],
}
`;
